
> my-ai-app@0.1.0 build C:\Users\Isaac\Documents\IA\my-ai-app
> next build

node.exe :  ÔÜá Warning: Next.js 
inferred your workspace root, but it 
may not be correct.
No C:\Users\Isaac\AppData\Roaming\npm\pn
pm.ps1:24 caractere:5
+     & "node$exe"  "$basedir/node_modul
es/pnpm/bin/pnpm.cjs" $args
+     ~~~~~~~~~~~~~~~~~~~~~~~~~~~~~~~~~~
~~~~~~~~~~~~~~~~~~~~~~~~~~~
    + CategoryInfo          : NotSpecif 
   ied: ( ÔÜá Warning: N...not be corr  
  ect.:String) [], RemoteException
    + FullyQualifiedErrorId : NativeCom 
   mandError
 
 We detected multiple lockfiles and 
selected the directory of 
C:\Users\Isaac\package-lock.json as the 
root directory.
 To silence this warning, set 
`turbopack.root` in your Next.js 
config, or consider removing one of the 
lockfiles if it's not needed.
   See https://nextjs.org/docs/app/api-r
eference/config/next-config-js/turbopack
#root-directory for more information.
 Detected additional lockfiles: 
   * C:\Users\Isaac\Documents\IA\my-ai-a
pp\pnpm-lock.yaml

   Ôû▓ Next.js 16.0.8 (Turbopack)
   - Environments: .env.local

   Creating an optimized production build ...
 Ô£ô Compiled successfully in 8.3s
   Running TypeScript ...
Failed to compile.

./app/cadernos/page.tsx:23:38
Type error: Type '{ title: string; 
backLink: string; }' is not assignable 
to type 'IntrinsicAttributes & 
HeaderProps'.
  Property 'backLink' does not exist on 
type 'IntrinsicAttributes & 
HeaderProps'.

[0m [90m 21 |[39m         
[33m<[39m[33mdiv[39m 
className[33m=[39m[32m"min-h-screen 
min-h-[100dvh] bg-background 
text-foreground flex flex-col 
overflow-hidden"[39m[33m>[39m
 [90m 22 |[39m             {[90m/* 
Shared Header */[39m}
[31m[1m>[22m[39m[90m 23 |[39m     
        [33m<[39m[33mHeader[39m 
title[33m=[39m[32m"Cadernos"[39m 
backLink[33m=[39m[32m"/"[39m 
[33m/[39m[33m>[39m
 [90m    |[39m                        
              [31m[1m^[22m[39m
 [90m 24 |[39m
 [90m 25 |[39m             {[90m/* 
Dynamic Graph Component - fits 
remaining height */[39m}
 [90m 26 |[39m             
[33m<[39m[33mdiv[39m 
className[33m=[39m[32m"flex-1 
relative overflow-hidden 
bg-background"[39m[33m>[39m[0m
Next.js build worker exited with code: 
1 and signal: null
ÔÇëELIFECYCLEÔÇë Command failed with exit code 1.
