components/ai-elements/confirmation.tsx(6,15): error TS2305: Module '"ai"' has no exported member 'ToolUIPart'.
components/ai-elements/confirmation.tsx(100,3): error TS2578: Unused '@ts-expect-error' directive.
components/ai-elements/confirmation.tsx(120,9): error TS2578: Unused '@ts-expect-error' directive.
components/ai-elements/confirmation.tsx(122,9): error TS2578: Unused '@ts-expect-error' directive.
components/ai-elements/confirmation.tsx(144,9): error TS2578: Unused '@ts-expect-error' directive.
components/ai-elements/confirmation.tsx(146,9): error TS2578: Unused '@ts-expect-error' directive.
components/ai-elements/confirmation.tsx(165,3): error TS2578: Unused '@ts-expect-error' directive.
