.next/dev/types/validator.ts(89,39): error TS2307: Cannot find module '../../../app/api/example/route.js' or its corresponding type declarations.
.next/types/validator.ts(89,39): error TS2307: Cannot find module '../../app/api/example/route.js' or its corresponding type declarations.
